// Jest Snapshot v1, https://goo.gl/fbAQLP

exports[`BuildContent when posts has valid content should build valid json 1`] = `
Array [
  Object {
    "date": "2020-04-05T00:00:00.000Z",
    "description": "test_description",
    "html": "<h2 id=\\"some_title_1\\">Some<em>title</em>1</h2>
<h3 id=\\"some_title_2\\">Some<em>title</em>2</h3>
<p>Some<em>simple</em>text</p>",
    "id": "test_id",
    "image": "test_image_url",
    "title": "test_title",
  },
]
`;
